// Jest Snapshot v1, https://goo.gl/fbAQLP

exports[`PasswordInput should match snapshot 1`] = `
<View
  testID="password-input-test-id"
>
  <Text
    style={
      Object {
        "color": "#3D3D3D",
        "marginBottom": 3,
      }
    }
    testID="input-label-password-test-id"
  >
    Password
  </Text>
  <TextInput
    onBlur={[Function]}
    onChangeText={[Function]}
    onFocus={[Function]}
    secureTextEntry={true}
    style={
      Array [
        Object {
          "borderColor": "#9E9E9E",
          "borderRadius": 8,
          "borderWidth": 1,
          "height": 40,
          "padding": 10,
        },
        Object {
          "borderColor": "#9E9E9E",
        },
      ]
    }
    testID="input-field-password-test-id"
    value=""
  />
</View>
`;
