// Jest Snapshot v1, https://goo.gl/fbAQLP

exports[`TextButton should match snapshot 1`] = `
<View
  accessible={true}
  collapsable={false}
  focusable={true}
  hitSlop={20}
  onBlur={[Function]}
  onClick={[Function]}
  onFocus={[Function]}
  onResponderGrant={[Function]}
  onResponderMove={[Function]}
  onResponderRelease={[Function]}
  onResponderTerminate={[Function]}
  onResponderTerminationRequest={[Function]}
  onStartShouldSetResponder={[Function]}
  style={false}
  testID="text-btn-test-id"
>
  <Text>
    Test
  </Text>
</View>
`;
