// Jest Snapshot v1, https://goo.gl/fbAQLP

exports[`LoginForm should match snapshot 1`] = `
<View
  style={
    Array [
      Object {
        "flexDirection": "column",
      },
      Object {
        "flex": 1,
        "justifyContent": "space-between",
      },
    ]
  }
>
  <View
    testID="email-input-login-form-test-id"
  >
    <Text
      style={
        Object {
          "color": "#3D3D3D",
          "marginBottom": 3,
        }
      }
      testID="input-label-email-test-id"
    >
      Email
    </Text>
    <TextInput
      onBlur={[Function]}
      onChangeText={[Function]}
      onFocus={[Function]}
      secureTextEntry={false}
      style={
        Array [
          Object {
            "borderColor": "#9E9E9E",
            "borderRadius": 8,
            "borderWidth": 1,
            "height": 40,
            "padding": 10,
          },
          Object {
            "borderColor": "#9E9E9E",
          },
        ]
      }
      testID="input-field-email-test-id"
      value=""
    />
  </View>
  <View
    testID="password-input-login-form-test-id"
  >
    <Text
      style={
        Object {
          "color": "#3D3D3D",
          "marginBottom": 3,
        }
      }
      testID="input-label-password-test-id"
    >
      Password
    </Text>
    <TextInput
      onBlur={[Function]}
      onChangeText={[Function]}
      onFocus={[Function]}
      secureTextEntry={true}
      style={
        Array [
          Object {
            "borderColor": "#9E9E9E",
            "borderRadius": 8,
            "borderWidth": 1,
            "height": 40,
            "padding": 10,
          },
          Object {
            "borderColor": "#9E9E9E",
          },
        ]
      }
      testID="input-field-password-test-id"
      value=""
    />
  </View>
  <View
    style={
      Array [
        Object {
          "flexDirection": "row",
        },
        Object {
          "justifyContent": "space-between",
          "width": 130,
        },
      ]
    }
    testID="checkbox-container-login-form-test-id"
  >
    <View
      accessibilityRole="checkbox"
      accessibilityState={
        Object {
          "checked": false,
          "disabled": undefined,
        }
      }
      accessible={true}
      collapsable={false}
      focusable={true}
      onBlur={[Function]}
      onClick={[Function]}
      onFocus={[Function]}
      onResponderGrant={[Function]}
      onResponderMove={[Function]}
      onResponderRelease={[Function]}
      onResponderTerminate={[Function]}
      onResponderTerminationRequest={[Function]}
      onStartShouldSetResponder={[Function]}
      style={
        Array [
          Object {
            "borderColor": "#657786",
            "borderRadius": 2,
            "borderWidth": 2,
            "height": 20,
            "width": 20,
          },
          Object {
            "borderRadius": 4,
            "borderWidth": 1,
          },
          false,
          Object {
            "backgroundColor": undefined,
            "borderColor": "#9E9E9E",
          },
          undefined,
          false,
        ]
      }
      testID="remember-password-checkbox-test-id"
    />
    <Text
      style={
        Object {
          "color": "#3D3D3D",
          "marginBottom": 3,
        }
      }
      testID="input-label-remember-password-checkbox-test-id"
    >
      Remember me?
    </Text>
  </View>
  <View
    accessible={true}
    focusable={true}
    onClick={[Function]}
    onResponderGrant={[Function]}
    onResponderMove={[Function]}
    onResponderRelease={[Function]}
    onResponderTerminate={[Function]}
    onResponderTerminationRequest={[Function]}
    onStartShouldSetResponder={[Function]}
    style={
      Object {
        "alignItems": "center",
        "backgroundColor": "#FF4684",
        "borderRadius": 10,
        "elevation": 5,
        "padding": 15,
      }
    }
    testID="btn-submit-login-test-id"
  >
    <Text
      style={
        Object {
          "color": "#EDEDED",
          "letterSpacing": 1,
          "textTransform": "uppercase",
        }
      }
    >
      Login
    </Text>
  </View>
  <View
    accessible={true}
    collapsable={false}
    focusable={true}
    hitSlop={20}
    onBlur={[Function]}
    onClick={[Function]}
    onFocus={[Function]}
    onResponderGrant={[Function]}
    onResponderMove={[Function]}
    onResponderRelease={[Function]}
    onResponderTerminate={[Function]}
    onResponderTerminationRequest={[Function]}
    onStartShouldSetResponder={[Function]}
    style={false}
    testID="btn-reset-password-test-id"
  >
    <Text
      style={
        Object {
          "alignSelf": "flex-end",
          "color": "#9E9E9E",
        }
      }
    >
      Forgot Password?
    </Text>
  </View>
</View>
`;
